,Kingdom,Phylum,Class,Order,Family,Genus,Species
ACC,Eukaryota,Arthropoda,Insecta,Hemiptera,Psyllidae,Acizzia,Acizzia solanicola
GCC,Eukaryota,Arthropoda,Insecta,Hemiptera,Triozidae,Bactericera,Bactericera cockerelli
AGG,Eukaryota,Arthropoda,Insecta,Hemiptera,Aphididae,Diuraphis,Diuraphis noxia
TGG,Eukaryota,Arthropoda,Insecta,Hemiptera,Aphididae,Metopolophium,Metopolophium dirhodum
TCC,Eukaryota,Arthropoda,Insecta,Hemiptera,Aphididae,Rhopalosiphum,Rhopalosiphum padi
